  Geri y├╝klenecek projeler belirleniyor...
  Yap─▒lacak i┼şlem yok. Belirtilen projelerden hi├ğbiri geri y├╝klenecek paketleri i├ğermiyor.
C:\Users\Emir\Downloads\ICEx_Project_KnightOnline-master\ICEx_Project_KnightOnline-master\ICExProject\cls_Bot.cs(1824,9): error CS1028: Beklenmeyen ├Âni┼şlemci y├Ânergesi [C:\Users\Emir\Downloads\ICEx_Project_KnightOnline-master\ICEx_Project_KnightOnline-master\ICExProject\ICExProject.csproj]

Olu┼şturma BA┼ŞARISIZ OLDU.

C:\Users\Emir\Downloads\ICEx_Project_KnightOnline-master\ICEx_Project_KnightOnline-master\ICExProject\cls_Bot.cs(1824,9): error CS1028: Beklenmeyen ├Âni┼şlemci y├Ânergesi [C:\Users\Emir\Downloads\ICEx_Project_KnightOnline-master\ICEx_Project_KnightOnline-master\ICExProject\ICExProject.csproj]
    0 Uyar─▒
    1 Hata

Ge├ğen S├╝re 00:00:00.24
